Inicio de sesión exitoso: Yoskary
Intento de login fallido: Yoskary
Intento de login fallido: Yoskary
Intento de login fallido: Yoskary
Inicio de sesión exitoso: Yoskary
Inicio de sesión exitoso: Yoskary
Cierre de sesión: Yoskary
Inicio de sesión exitoso: Yoskary
Cierre de sesión: Yoskary
Inicio de sesión exitoso: Yoskary
Intento de login fallido: Yoskary
Intento de login fallido: Yoskary
Inicio de sesión exitoso: Yoskary
Cierre de sesión: Yoskary
Inicio de sesión exitoso: Yoskary
Cierre de sesión: Yoskary
Inicio de sesión exitoso: Yoskary
Cierre de sesión: Yoskary
Cierre de sesión: Yoskary
Cierre de sesión: Yoskary
Cierre de sesión: Yoskary
Cierre de sesión: Yoskary
Cierre de sesión: Yoskary
Cierre de sesión: Yoskary
Cierre de sesión: Yoskary
Cierre de sesión: Yoskary
Inicio de sesión exitoso: Yoskary
Inicio de sesión exitoso: Yoskary
Inicio de sesión exitoso: Yoskary
Inicio de sesión exitoso: Yoskary
Cierre de sesión: Yoskary
Inicio de sesión exitoso: Yoskary
Inicio de sesión exitoso: Yoskary
Inicio de sesión exitoso: Yoskary
Cierre de sesión: Yoskary
Inicio de sesión exitoso: Yoskary
Cierre de sesión: Yoskary
Intento de login fallido: klaudia
Intento de login fallido: klaudia
Inicio de sesión exitoso: Yoskary
Cierre de sesión: Yoskary
Intento de login fallido: klaudia
Inicio de sesión exitoso: Yoskary
Inicio de sesión exitoso: Yoskary
Cierre de sesión: Yoskary
Inicio de sesión exitoso: Klaudia
Cierre de sesión: Klaudia
Intento de login fallido: Yoskary
Inicio de sesión exitoso: Yoskary
Cierre de sesión: Yoskary
Inicio de sesión exitoso: Klaudia
Cierre de sesión: Klaudia
Inicio de sesión exitoso: Yoskary
Inicio de sesión exitoso: Yoskary
Inicio de sesión exitoso: Yoskary
Cierre de sesión: Yoskary
Inicio de sesión exitoso: Yoskary
Cierre de sesión: Yoskary
Inicio de sesión exitoso: Yoskary
Inicio de sesión exitoso: Klaudia
Cierre de sesión: Klaudia
Inicio de sesión exitoso: Klaudia
Inicio de sesión exitoso: Yoskary
Cierre de sesión: Klaudia
